[     547ms] [INFO] %cDownload the React DevTools for a better development experience: https://react.dev/link/react-devtools font-weight:bold @ http://localhost:3000/_next/static/chunks/0z~i_next_dist_080cxwf._.js:2477
[     756ms] [LOG] [HMR] connected @ http://localhost:3000/_next/static/chunks/0z~i_next_dist_080cxwf._.js:2477
[    8623ms] [LOG] I0729 16:39:51.395000 2186832 gl_context.cc:407] GL version: 3.0 (OpenGL ES 3.0 (WebGL 2.0 (OpenGL ES 3.0 Chromium))), renderer: WebKit WebGL @ http://localhost:3000/_next/static/chunks/0z~i_next_dist_080cxwf._.js:2477
[    8624ms] [WARNING] W0729 16:39:51.396999 2186832 gl_context.cc:1119] OpenGL error checking is disabled @ http://localhost:3000/_next/static/chunks/0z~i_next_dist_080cxwf._.js:2477
[    8625ms] [LOG] Graph successfully started running. @ http://localhost:3000/_next/static/chunks/0z~i_next_dist_080cxwf._.js:2477
[    9022ms] [LOG] I0729 16:39:51.795000 2186832 gl_context.cc:407] GL version: 3.0 (OpenGL ES 3.0 (WebGL 2.0 (OpenGL ES 3.0 Chromium))), renderer: WebKit WebGL @ http://localhost:3000/_next/static/chunks/0z~i_next_dist_080cxwf._.js:2477
[    9023ms] [WARNING] W0729 16:39:51.796000 2186832 gl_context.cc:1119] OpenGL error checking is disabled @ http://localhost:3000/_next/static/chunks/0z~i_next_dist_080cxwf._.js:2477
[    9024ms] [LOG] Graph successfully started running. @ http://localhost:3000/_next/static/chunks/0z~i_next_dist_080cxwf._.js:2477
[   15950ms] [WARNING] W0729 16:39:58.720000 2186832 landmark_projection_calculator.cc:81] Using NORM_RECT without IMAGE_DIMENSIONS is only supported for the square ROI. Provide IMAGE_DIMENSIONS or use PROJECTION_MATRIX. @ http://localhost:3000/_next/static/chunks/0z~i_next_dist_080cxwf._.js:2477
[   24503ms] [WARNING] [.WebGL-0x22cc0928a400]GL Driver Message (OpenGL, Performance, GL_CLOSE_PATH_NV, High): GPU stall due to ReadPixels @ http://localhost:3000/:0
[   24504ms] [WARNING] [.WebGL-0x22cc0928a400]GL Driver Message (OpenGL, Performance, GL_CLOSE_PATH_NV, High): GPU stall due to ReadPixels @ http://localhost:3000/:0
[   24505ms] [WARNING] [.WebGL-0x22cc000eea00]GL Driver Message (OpenGL, Performance, GL_CLOSE_PATH_NV, High): GPU stall due to ReadPixels @ http://localhost:3000/:0
[   24506ms] [WARNING] [.WebGL-0x22cc000eea00]GL Driver Message (OpenGL, Performance, GL_CLOSE_PATH_NV, High): GPU stall due to ReadPixels (this message will no longer repeat) @ http://localhost:3000/:0
[   82484ms] [WARNING] W0729 16:41:05.256999 2186832 landmark_projection_calculator.cc:81] Using NORM_RECT without IMAGE_DIMENSIONS is only supported for the square ROI. Provide IMAGE_DIMENSIONS or use PROJECTION_MATRIX. @ http://localhost:3000/_next/static/chunks/0z~i_next_dist_080cxwf._.js:2477
[  535720ms] [LOG] Graph finished closing successfully. @ http://localhost:3000/_next/static/chunks/0z~i_next_dist_080cxwf._.js:2477
[  535738ms] [LOG] I0729 16:48:38.508000 2186832 gl_context_webgl.cc:140] Successfully destroyed WebGL context with handle 1 @ http://localhost:3000/_next/static/chunks/0z~i_next_dist_080cxwf._.js:2477
[  535760ms] [LOG] Graph finished closing successfully. @ http://localhost:3000/_next/static/chunks/0z~i_next_dist_080cxwf._.js:2477
[  535767ms] [LOG] I0729 16:48:38.537999 2186832 gl_context_webgl.cc:140] Successfully destroyed WebGL context with handle 1 @ http://localhost:3000/_next/static/chunks/0z~i_next_dist_080cxwf._.js:2477
[  578905ms] [LOG] I0729 16:49:21.676999 2186832 gl_context.cc:407] GL version: 3.0 (OpenGL ES 3.0 (WebGL 2.0 (OpenGL ES 3.0 Chromium))), renderer: WebKit WebGL @ http://localhost:3000/_next/static/chunks/0z~i_next_dist_080cxwf._.js:2477
[  578907ms] [WARNING] W0729 16:49:21.680000 2186832 gl_context.cc:1119] OpenGL error checking is disabled @ http://localhost:3000/_next/static/chunks/0z~i_next_dist_080cxwf._.js:2477
[  578909ms] [LOG] Graph successfully started running. @ http://localhost:3000/_next/static/chunks/0z~i_next_dist_080cxwf._.js:2477
[  580316ms] [LOG] I0729 16:49:23.088000 2186832 gl_context.cc:407] GL version: 3.0 (OpenGL ES 3.0 (WebGL 2.0 (OpenGL ES 3.0 Chromium))), renderer: WebKit WebGL @ http://localhost:3000/_next/static/chunks/0z~i_next_dist_080cxwf._.js:2477
[  580318ms] [WARNING] W0729 16:49:23.091000 2186832 gl_context.cc:1119] OpenGL error checking is disabled @ http://localhost:3000/_next/static/chunks/0z~i_next_dist_080cxwf._.js:2477
[  580319ms] [LOG] Graph successfully started running. @ http://localhost:3000/_next/static/chunks/0z~i_next_dist_080cxwf._.js:2477
[  588126ms] [WARNING] W0729 16:49:30.899000 2186832 landmark_projection_calculator.cc:81] Using NORM_RECT without IMAGE_DIMENSIONS is only supported for the square ROI. Provide IMAGE_DIMENSIONS or use PROJECTION_MATRIX. @ http://localhost:3000/_next/static/chunks/0z~i_next_dist_080cxwf._.js:2477
[  600263ms] [WARNING] W0729 16:49:43.036000 2186832 landmark_projection_calculator.cc:81] Using NORM_RECT without IMAGE_DIMENSIONS is only supported for the square ROI. Provide IMAGE_DIMENSIONS or use PROJECTION_MATRIX. @ http://localhost:3000/_next/static/chunks/0z~i_next_dist_080cxwf._.js:2477
